=== Go version ===
go version go1.23.0 linux/amd64

=== go mod tidy ===
go: downloading github.com/ledongthuc/pdf v0.0.0-20220302134840-0c2507a12d80
go: downloading github.com/orisano/pixelmatch v0.0.0-20220722002657-fb0b55479cde
tidy exit: 0

=== go build ./... ===
build_all exit: 0

=== go build binary ===
binary exit: 0
=== DONE ===
